<?xml version="1.0" encoding="UTF-8"?>
<testsuites name="Mocha Tests" time="0.002" tests="1" failures="0">
  <testsuite name="Root Suite" timestamp="2025-03-12T10:22:42" tests="0" time="0.000" failures="0">
  </testsuite>
  <testsuite name="Array" timestamp="2025-03-12T10:22:42" tests="0" file="/Users/s066731/Documents/testcoachaac/test.js" time="0.000" failures="0">
  </testsuite>
  <testsuite name="#indexOf()" timestamp="2025-03-12T10:22:42" tests="1" file="/Users/s066731/Documents/testcoachaac/test.js" time="0.001" failures="0">
    <testcase name="Array #indexOf() should return -1 when the value is not present" time="0.000" classname="should return -1 when the value is not present">
    </testcase>
  </testsuite>
</testsuites>